{
  "Entries": [
    {
      "RequestUri": "/61953354-5115-4340-bf80-f4ccd1cb213e/locations",
      "EncodedRequestUri": "LzYxOTUzMzU0LTUxMTUtNDM0MC1iZjgwLWY0Y2NkMWNiMjEzZS9sb2NhdGlvbnM=",
      "RequestMethod": "GET",
      "RequestBody": "",
      "RequestHeaders": {
        "x-ms-version": [
          "2014-10-01"
        ],
        "User-Agent": [
          "Microsoft.WindowsAzure.Management.ManagementClient/4.0.0.0"
        ]
      },
      "ResponseBody": "<Locations xmlns=\"http://schemas.microsoft.com/windowsazure\" xmlns:i=\"http://www.w3.org/2001/XMLSchema-instance\">\r\n  <Location>\r\n    <Name>Northwest US</Name>\r\n    <DisplayName>Northwest US</DisplayName>\r\n    <AvailableServices>\r\n      <AvailableService>Compute</AvailableService>\r\n    </AvailableServices>\r\n    <ComputeCapabilities>\r\n      <WebWorkerRoleSizes>\r\n        <RoleSize>A5</RoleSize>\r\n        <RoleSize>A6</RoleSize>\r\n        <RoleSize>A7</RoleSize>\r\n        <RoleSize>ExtraLarge</RoleSize>\r\n        <RoleSize>ExtraSmall</RoleSize>\r\n        <RoleSize>Large</RoleSize>\r\n        <RoleSize>Medium</RoleSize>\r\n        <RoleSize>Small</RoleSize>\r\n        <RoleSize>Standard_D1</RoleSize>\r\n        <RoleSize>Standard_D11</RoleSize>\r\n        <RoleSize>Standard_D12</RoleSize>\r\n        <RoleSize>Standard_D13</RoleSize>\r\n        <RoleSize>Standard_D14</RoleSize>\r\n        <RoleSize>Standard_D2</RoleSize>\r\n        <RoleSize>Standard_D3</RoleSize>\r\n        <RoleSize>Standard_D4</RoleSize>\r\n        <RoleSize>Standard_D5</RoleSize>\r\n      </WebWorkerRoleSizes>\r\n      <VirtualMachinesRoleSizes />\r\n    </ComputeCapabilities>\r\n  </Location>\r\n  <Location>\r\n    <Name>North Central US</Name>\r\n    <DisplayName>North Central US</DisplayName>\r\n    <AvailableServices>\r\n      <AvailableService>Compute</AvailableService>\r\n      <AvailableService>Storage</AvailableService>\r\n      <AvailableService>PersistentVMRole</AvailableService>\r\n      <AvailableService>HighMemory</AvailableService>\r\n    </AvailableServices>\r\n    <ComputeCapabilities>\r\n      <WebWorkerRoleSizes>\r\n        <RoleSize>A5</RoleSize>\r\n        <RoleSize>A6</RoleSize>\r\n        <RoleSize>A7</RoleSize>\r\n        <RoleSize>ExtraLarge</RoleSize>\r\n        <RoleSize>ExtraSmall</RoleSize>\r\n        <RoleSize>Large</RoleSize>\r\n        <RoleSize>Medium</RoleSize>\r\n        <RoleSize>Small</RoleSize>\r\n        <RoleSize>Standard_D1</RoleSize>\r\n        <RoleSize>Standard_D11</RoleSize>\r\n        <RoleSize>Standard_D12</RoleSize>\r\n        <RoleSize>Standard_D13</RoleSize>\r\n        <RoleSize>Standard_D14</RoleSize>\r\n        <RoleSize>Standard_D2</RoleSize>\r\n        <RoleSize>Standard_D3</RoleSize>\r\n        <RoleSize>Standard_D4</RoleSize>\r\n        <RoleSize>Standard_D5</RoleSize>\r\n      </WebWorkerRoleSizes>\r\n      <VirtualMachinesRoleSizes>\r\n        <RoleSize>A5</RoleSize>\r\n        <RoleSize>A6</RoleSize>\r\n        <RoleSize>A7</RoleSize>\r\n        <RoleSize>Basic_A0</RoleSize>\r\n        <RoleSize>Basic_A1</RoleSize>\r\n        <RoleSize>Basic_A2</RoleSize>\r\n        <RoleSize>Basic_A3</RoleSize>\r\n        <RoleSize>Basic_A4</RoleSize>\r\n        <RoleSize>ExtraLarge</RoleSize>\r\n        <RoleSize>ExtraSmall</RoleSize>\r\n        <RoleSize>Large</RoleSize>\r\n        <RoleSize>Medium</RoleSize>\r\n        <RoleSize>Small</RoleSize>\r\n        <RoleSize>Standard_D1</RoleSize>\r\n        <RoleSize>Standard_D11</RoleSize>\r\n        <RoleSize>Standard_D12</RoleSize>\r\n        <RoleSize>Standard_D13</RoleSize>\r\n        <RoleSize>Standard_D14</RoleSize>\r\n        <RoleSize>Standard_D2</RoleSize>\r\n        <RoleSize>Standard_D3</RoleSize>\r\n        <RoleSize>Standard_D4</RoleSize>\r\n        <RoleSize>Standard_D5</RoleSize>\r\n        <RoleSize>Standard_G1</RoleSize>\r\n        <RoleSize>Standard_G2</RoleSize>\r\n        <RoleSize>Standard_G3</RoleSize>\r\n        <RoleSize>Standard_G4</RoleSize>\r\n        <RoleSize>Standard_G5</RoleSize>\r\n      </VirtualMachinesRoleSizes>\r\n    </ComputeCapabilities>\r\n    <StorageCapabilities>\r\n      <StorageAccountTypes>\r\n        <StorageAccountType>Standard_LRS</StorageAccountType>\r\n        <StorageAccountType>Standard_ZRS</StorageAccountType>\r\n        <StorageAccountType>Standard_GRS</StorageAccountType>\r\n        <StorageAccountType>Standard_RAGRS</StorageAccountType>\r\n      </StorageAccountTypes>\r\n    </StorageCapabilities>\r\n  </Location>\r\n  <Location>\r\n    <Name>West US</Name>\r\n    <DisplayName>West US</DisplayName>\r\n    <AvailableServices>\r\n      <AvailableService>Compute</AvailableService>\r\n      <AvailableService>Storage</AvailableService>\r\n      <AvailableService>PersistentVMRole</AvailableService>\r\n      <AvailableService>HighMemory</AvailableService>\r\n    </AvailableServices>\r\n    <ComputeCapabilities>\r\n      <WebWorkerRoleSizes>\r\n        <RoleSize>A10</RoleSize>\r\n        <RoleSize>A11</RoleSize>\r\n        <RoleSize>A5</RoleSize>\r\n        <RoleSize>A6</RoleSize>\r\n        <RoleSize>A7</RoleSize>\r\n        <RoleSize>A8</RoleSize>\r\n        <RoleSize>A9</RoleSize>\r\n        <RoleSize>ExtraLarge</RoleSize>\r\n        <RoleSize>ExtraSmall</RoleSize>\r\n        <RoleSize>Large</RoleSize>\r\n        <RoleSize>Medium</RoleSize>\r\n        <RoleSize>Small</RoleSize>\r\n        <RoleSize>Standard_D1</RoleSize>\r\n        <RoleSize>Standard_D11</RoleSize>\r\n        <RoleSize>Standard_D12</RoleSize>\r\n        <RoleSize>Standard_D13</RoleSize>\r\n        <RoleSize>Standard_D14</RoleSize>\r\n        <RoleSize>Standard_D2</RoleSize>\r\n        <RoleSize>Standard_D3</RoleSize>\r\n        <RoleSize>Standard_D4</RoleSize>\r\n        <RoleSize>Standard_D5</RoleSize>\r\n      </WebWorkerRoleSizes>\r\n      <VirtualMachinesRoleSizes>\r\n        <RoleSize>A10</RoleSize>\r\n        <RoleSize>A11</RoleSize>\r\n        <RoleSize>A5</RoleSize>\r\n        <RoleSize>A6</RoleSize>\r\n        <RoleSize>A7</RoleSize>\r\n        <RoleSize>A8</RoleSize>\r\n        <RoleSize>A9</RoleSize>\r\n        <RoleSize>Basic_A0</RoleSize>\r\n        <RoleSize>Basic_A1</RoleSize>\r\n        <RoleSize>Basic_A2</RoleSize>\r\n        <RoleSize>Basic_A3</RoleSize>\r\n        <RoleSize>Basic_A4</RoleSize>\r\n        <RoleSize>ExtraLarge</RoleSize>\r\n        <RoleSize>ExtraSmall</RoleSize>\r\n        <RoleSize>Large</RoleSize>\r\n        <RoleSize>Medium</RoleSize>\r\n        <RoleSize>Small</RoleSize>\r\n        <RoleSize>Standard_D1</RoleSize>\r\n        <RoleSize>Standard_D11</RoleSize>\r\n        <RoleSize>Standard_D12</RoleSize>\r\n        <RoleSize>Standard_D13</RoleSize>\r\n        <RoleSize>Standard_D14</RoleSize>\r\n        <RoleSize>Standard_D2</RoleSize>\r\n        <RoleSize>Standard_D3</RoleSize>\r\n        <RoleSize>Standard_D4</RoleSize>\r\n        <RoleSize>Standard_D5</RoleSize>\r\n        <RoleSize>Standard_G1</RoleSize>\r\n        <RoleSize>Standard_G2</RoleSize>\r\n        <RoleSize>Standard_G3</RoleSize>\r\n        <RoleSize>Standard_G4</RoleSize>\r\n        <RoleSize>Standard_G5</RoleSize>\r\n      </VirtualMachinesRoleSizes>\r\n    </ComputeCapabilities>\r\n    <StorageCapabilities>\r\n      <StorageAccountTypes>\r\n        <StorageAccountType>Standard_LRS</StorageAccountType>\r\n        <StorageAccountType>Standard_ZRS</StorageAccountType>\r\n        <StorageAccountType>Standard_GRS</StorageAccountType>\r\n        <StorageAccountType>Standard_RAGRS</StorageAccountType>\r\n      </StorageAccountTypes>\r\n    </StorageCapabilities>\r\n  </Location>\r\n</Locations>",
      "ResponseHeaders": {
        "Content-Length": [
          "5208"
        ],
        "Content-Type": [
          "application/xml; charset=utf-8"
        ],
        "x-ms-servedbyregion": [
          "uswest"
        ],
        "x-ms-request-id": [
          "f09ae1ca3d3516fe953bbe16bce70ed7"
        ],
        "Cache-Control": [
          "no-cache"
        ],
        "Date": [
          "Wed, 07 Oct 2015 01:46:30 GMT"
        ],
        "Server": [
          "1.0.6198.270",
          "(rd_rdfe_stable.151006-1109)",
          "Microsoft-HTTPAPI/2.0"
        ]
      },
      "StatusCode": 200
    },
    {
      "RequestUri": "/subscriptions/61953354-5115-4340-bf80-f4ccd1cb213e/resourcegroups/StreamAnalytics4025?api-version=2014-04-01-preview",
      "EncodedRequestUri": "L3N1YnNjcmlwdGlvbnMvNjE5NTMzNTQtNTExNS00MzQwLWJmODAtZjRjY2QxY2IyMTNlL3Jlc291cmNlZ3JvdXBzL1N0cmVhbUFuYWx5dGljczQwMjU/YXBpLXZlcnNpb249MjAxNC0wNC0wMS1wcmV2aWV3",
      "RequestMethod": "PUT",
      "RequestBody": "{\r\n  \"location\": \"West US\"\r\n}",
      "RequestHeaders": {
        "Content-Type": [
          "application/json; charset=utf-8"
        ],
        "Content-Length": [
          "29"
        ],
        "User-Agent": [
          "Microsoft.Azure.Management.Resources.ResourceManagementClient/2.0.0.0"
        ]
      },
      "ResponseBody": "{\r\n  \"id\": \"/subscriptions/61953354-5115-4340-bf80-f4ccd1cb213e/resourceGroups/StreamAnalytics4025\",\r\n  \"name\": \"StreamAnalytics4025\",\r\n  \"location\": \"westus\",\r\n  \"properties\": {\r\n    \"provisioningState\": \"Succeeded\"\r\n  }\r\n}",
      "ResponseHeaders": {
        "Content-Length": [
          "191"
        ],
        "Content-Type": [
          "application/json; charset=utf-8"
        ],
        "Expires": [
          "-1"
        ],
        "Pragma": [
          "no-cache"
        ],
        "x-ms-ratelimit-remaining-subscription-writes": [
          "1164"
        ],
        "x-ms-request-id": [
          "2963d0b4-eac5-4cd2-972f-c58b38c14b5f"
        ],
        "x-ms-correlation-request-id": [
          "2963d0b4-eac5-4cd2-972f-c58b38c14b5f"
        ],
        "x-ms-routing-request-id": [
          "CENTRALUS:20151007T014633Z:2963d0b4-eac5-4cd2-972f-c58b38c14b5f"
        ],
        "Strict-Transport-Security": [
          "max-age=31536000; includeSubDomains"
        ],
        "Cache-Control": [
          "no-cache"
        ],
        "Date": [
          "Wed, 07 Oct 2015 01:46:33 GMT"
        ]
      },
      "StatusCode": 201
    },
    {
      "RequestUri": "/subscriptions/61953354-5115-4340-bf80-f4ccd1cb213e/resourcegroups/StreamAnalytics4025/providers/Microsoft.StreamAnalytics/streamingjobs/MyStreamingJobSubmittedBySDK5312?api-version=2015-09-01",
      "EncodedRequestUri": "L3N1YnNjcmlwdGlvbnMvNjE5NTMzNTQtNTExNS00MzQwLWJmODAtZjRjY2QxY2IyMTNlL3Jlc291cmNlZ3JvdXBzL1N0cmVhbUFuYWx5dGljczQwMjUvcHJvdmlkZXJzL01pY3Jvc29mdC5TdHJlYW1BbmFseXRpY3Mvc3RyZWFtaW5nam9icy9NeVN0cmVhbWluZ0pvYlN1Ym1pdHRlZEJ5U0RLNTMxMj9hcGktdmVyc2lvbj0yMDE1LTA5LTAx",
      "RequestMethod": "PUT",
      "RequestBody": "{\r\n  \"name\": \"MyStreamingJobSubmittedBySDK5312\",\r\n  \"location\": \"West US\",\r\n  \"properties\": {\r\n    \"sku\": {\r\n      \"name\": \"standard\"\r\n    },\r\n    \"eventsOutOfOrderPolicy\": \"Drop\",\r\n    \"eventsOutOfOrderMaxDelayInSeconds\": 0\r\n  }\r\n}",
      "RequestHeaders": {
        "Content-Type": [
          "application/json"
        ],
        "Content-Length": [
          "232"
        ],
        "x-ms-client-request-id": [
          "568b94a0-6220-4cab-a21b-ef2c725eb0a2"
        ],
        "User-Agent": [
          "Microsoft.Azure.Management.StreamAnalytics.StreamAnalyticsManagementClient/1.0.0.0"
        ]
      },
      "ResponseBody": "{\r\n  \"id\": \"/subscriptions/61953354-5115-4340-bf80-f4ccd1cb213e/resourceGroups/StreamAnalytics4025/providers/Microsoft.StreamAnalytics/streamingjobs/MyStreamingJobSubmittedBySDK5312\",\r\n  \"name\": \"MyStreamingJobSubmittedBySDK5312\",\r\n  \"type\": \"Microsoft.StreamAnalytics/streamingjobs\",\r\n  \"location\": \"West US\",\r\n  \"properties\": {\r\n    \"sku\": {\r\n      \"name\": \"Standard\"\r\n    },\r\n    \"jobId\": \"4a7ca962-e92d-4ecd-bd35-627c5554b111\",\r\n    \"provisioningState\": \"Succeeded\",\r\n    \"jobState\": \"Created\",\r\n    \"eventsOutOfOrderPolicy\": \"Drop\",\r\n    \"eventsOutOfOrderMaxDelayInSeconds\": 0,\r\n    \"eventsLateArrivalMaxDelayInSeconds\": 5,\r\n    \"dataLocale\": \"en-US\",\r\n    \"createdDate\": \"2015-10-07T01:46:33.77Z\",\r\n    \"inputs\": [],\r\n    \"functions\": [],\r\n    \"outputs\": []\r\n  }\r\n}",
      "ResponseHeaders": {
        "Content-Length": [
          "641"
        ],
        "Content-Type": [
          "application/json; charset=utf-8"
        ],
        "Expires": [
          "-1"
        ],
        "Pragma": [
          "no-cache"
        ],
        "X-AspNetMvc-Version": [
          "5.0"
        ],
        "x-ms-request-id": [
          "f0fb5b1b-c38d-462e-8ee0-ae64d6da2551"
        ],
        "x-ms-ratelimit-remaining-subscription-writes": [
          "1163"
        ],
        "x-ms-correlation-request-id": [
          "fdc3f9ab-d23e-464a-a73f-4bbbc053392d"
        ],
        "x-ms-routing-request-id": [
          "CENTRALUS:20151007T014634Z:fdc3f9ab-d23e-464a-a73f-4bbbc053392d"
        ],
        "Strict-Transport-Security": [
          "max-age=31536000; includeSubDomains"
        ],
        "Cache-Control": [
          "no-store, no-cache"
        ],
        "Date": [
          "Wed, 07 Oct 2015 01:46:33 GMT"
        ],
        "ETag": [
          "c53b38e3-fd36-4df3-96be-9a39efec18c8"
        ],
        "Server": [
          "Microsoft-IIS/8.5"
        ],
        "X-Powered-By": [
          "ASP.NET"
        ]
      },
      "StatusCode": 200
    },
    {
      "RequestUri": "/subscriptions/61953354-5115-4340-bf80-f4ccd1cb213e/resourcegroups/StreamAnalytics4025/providers/Microsoft.StreamAnalytics/streamingjobs/MyStreamingJobSubmittedBySDK5312?$expand=&api-version=2015-09-01",
      "EncodedRequestUri": "L3N1YnNjcmlwdGlvbnMvNjE5NTMzNTQtNTExNS00MzQwLWJmODAtZjRjY2QxY2IyMTNlL3Jlc291cmNlZ3JvdXBzL1N0cmVhbUFuYWx5dGljczQwMjUvcHJvdmlkZXJzL01pY3Jvc29mdC5TdHJlYW1BbmFseXRpY3Mvc3RyZWFtaW5nam9icy9NeVN0cmVhbWluZ0pvYlN1Ym1pdHRlZEJ5U0RLNTMxMj8kZXhwYW5kPSZhcGktdmVyc2lvbj0yMDE1LTA5LTAx",
      "RequestMethod": "GET",
      "RequestBody": "",
      "RequestHeaders": {
        "x-ms-client-request-id": [
          "e7850168-f5fd-4d04-8141-300928a3ab52"
        ],
        "User-Agent": [
          "Microsoft.Azure.Management.StreamAnalytics.StreamAnalyticsManagementClient/1.0.0.0"
        ]
      },
      "ResponseBody": "{\r\n  \"id\": \"/subscriptions/61953354-5115-4340-bf80-f4ccd1cb213e/resourceGroups/StreamAnalytics4025/providers/Microsoft.StreamAnalytics/streamingjobs/MyStreamingJobSubmittedBySDK5312\",\r\n  \"name\": \"MyStreamingJobSubmittedBySDK5312\",\r\n  \"type\": \"Microsoft.StreamAnalytics/streamingjobs\",\r\n  \"location\": \"West US\",\r\n  \"properties\": {\r\n    \"sku\": {\r\n      \"name\": \"Standard\"\r\n    },\r\n    \"jobId\": \"4a7ca962-e92d-4ecd-bd35-627c5554b111\",\r\n    \"provisioningState\": \"Succeeded\",\r\n    \"jobState\": \"Created\",\r\n    \"eventsOutOfOrderPolicy\": \"Drop\",\r\n    \"eventsOutOfOrderMaxDelayInSeconds\": 0,\r\n    \"eventsLateArrivalMaxDelayInSeconds\": 5,\r\n    \"dataLocale\": \"en-US\",\r\n    \"createdDate\": \"2015-10-07T01:46:33.77Z\"\r\n  }\r\n}",
      "ResponseHeaders": {
        "Content-Length": [
          "601"
        ],
        "Content-Type": [
          "application/json; charset=utf-8"
        ],
        "Expires": [
          "-1"
        ],
        "Pragma": [
          "no-cache"
        ],
        "X-AspNetMvc-Version": [
          "5.0"
        ],
        "x-ms-request-id": [
          "e7850168-f5fd-4d04-8141-300928a3ab52"
        ],
        "x-ms-ratelimit-remaining-subscription-reads": [
          "14892"
        ],
        "x-ms-correlation-request-id": [
          "c13a95db-790b-402c-8ae8-9a42761720c6"
        ],
        "x-ms-routing-request-id": [
          "CENTRALUS:20151007T014634Z:c13a95db-790b-402c-8ae8-9a42761720c6"
        ],
        "Strict-Transport-Security": [
          "max-age=31536000; includeSubDomains"
        ],
        "Cache-Control": [
          "no-store, no-cache"
        ],
        "Date": [
          "Wed, 07 Oct 2015 01:46:33 GMT"
        ],
        "ETag": [
          "c53b38e3-fd36-4df3-96be-9a39efec18c8"
        ],
        "Server": [
          "Microsoft-IIS/8.5"
        ],
        "X-Powered-By": [
          "ASP.NET"
        ]
      },
      "StatusCode": 200
    },
    {
      "RequestUri": "/subscriptions/61953354-5115-4340-bf80-f4ccd1cb213e/resourcegroups/StreamAnalytics4025/providers/Microsoft.StreamAnalytics/streamingjobs/MyStreamingJobSubmittedBySDK5312/outputs/outputtest6649?api-version=2015-09-01",
      "EncodedRequestUri": "L3N1YnNjcmlwdGlvbnMvNjE5NTMzNTQtNTExNS00MzQwLWJmODAtZjRjY2QxY2IyMTNlL3Jlc291cmNlZ3JvdXBzL1N0cmVhbUFuYWx5dGljczQwMjUvcHJvdmlkZXJzL01pY3Jvc29mdC5TdHJlYW1BbmFseXRpY3Mvc3RyZWFtaW5nam9icy9NeVN0cmVhbWluZ0pvYlN1Ym1pdHRlZEJ5U0RLNTMxMi9vdXRwdXRzL291dHB1dHRlc3Q2NjQ5P2FwaS12ZXJzaW9uPTIwMTUtMDktMDE=",
      "RequestMethod": "PUT",
      "RequestBody": "{\r\n  \"name\": \"outputtest6649\",\r\n  \"properties\": {\r\n    \"datasource\": {\r\n      \"type\": \"Microsoft.Storage/DocumentDB\",\r\n      \"properties\": {\r\n        \"accountId\": \"ibizaloctest001docdb\",\r\n        \"accountKey\": \"zFcg/W6vxQY8oYdeA831NHPbezuvwFZ07zNgc0ta1hu+CunCoYDB69SXgOkDNl36JEPxiwi91dYLmMTrfXOVfA==\",\r\n        \"database\": \"db01\",\r\n        \"collectionNamePattern\": \"collection\",\r\n        \"partitionKey\": \"key\"\r\n      }\r\n    }\r\n  }\r\n}",
      "RequestHeaders": {
        "Content-Type": [
          "application/json"
        ],
        "Content-Length": [
          "433"
        ],
        "x-ms-client-request-id": [
          "e687b41f-b9a8-4f96-8f5a-ee2f7628c6d9"
        ],
        "User-Agent": [
          "Microsoft.Azure.Management.StreamAnalytics.StreamAnalyticsManagementClient/1.0.0.0"
        ]
      },
      "ResponseBody": "{\r\n  \"id\": \"/subscriptions/61953354-5115-4340-bf80-f4ccd1cb213e/resourceGroups/StreamAnalytics4025/providers/Microsoft.StreamAnalytics/streamingjobs/MyStreamingJobSubmittedBySDK5312/outputs/outputtest6649\",\r\n  \"name\": \"outputtest6649\",\r\n  \"type\": \"Microsoft.StreamAnalytics/streamingjobs/outputs\",\r\n  \"properties\": {\r\n    \"datasource\": {\r\n      \"type\": \"Microsoft.Storage/DocumentDB\",\r\n      \"properties\": {\r\n        \"accountId\": \"ibizaloctest001docdb\",\r\n        \"accountKey\": null,\r\n        \"database\": \"db01\",\r\n        \"collectionNamePattern\": \"collection\",\r\n        \"partitionKey\": \"key\"\r\n      }\r\n    }\r\n  }\r\n}",
      "ResponseHeaders": {
        "Content-Length": [
          "494"
        ],
        "Content-Type": [
          "application/json; charset=utf-8"
        ],
        "Expires": [
          "-1"
        ],
        "Pragma": [
          "no-cache"
        ],
        "X-AspNetMvc-Version": [
          "5.0"
        ],
        "x-ms-request-id": [
          "6939a7ee-ed3e-4293-87f2-63411599ee94"
        ],
        "x-ms-ratelimit-remaining-subscription-writes": [
          "1162"
        ],
        "x-ms-correlation-request-id": [
          "8c797c5c-7e72-4135-80d0-dc7b2180bc91"
        ],
        "x-ms-routing-request-id": [
          "CENTRALUS:20151007T014635Z:8c797c5c-7e72-4135-80d0-dc7b2180bc91"
        ],
        "Strict-Transport-Security": [
          "max-age=31536000; includeSubDomains"
        ],
        "Cache-Control": [
          "no-store, no-cache"
        ],
        "Date": [
          "Wed, 07 Oct 2015 01:46:35 GMT"
        ],
        "ETag": [
          "4b8f522b-a6a1-44e4-959c-ccc0fa47289d"
        ],
        "Server": [
          "Microsoft-IIS/8.5"
        ],
        "X-Powered-By": [
          "ASP.NET"
        ]
      },
      "StatusCode": 200
    },
    {
      "RequestUri": "/subscriptions/61953354-5115-4340-bf80-f4ccd1cb213e/resourcegroups/StreamAnalytics4025/providers/Microsoft.StreamAnalytics/streamingjobs/MyStreamingJobSubmittedBySDK5312/outputs/outputtest6649?api-version=2015-09-01",
      "EncodedRequestUri": "L3N1YnNjcmlwdGlvbnMvNjE5NTMzNTQtNTExNS00MzQwLWJmODAtZjRjY2QxY2IyMTNlL3Jlc291cmNlZ3JvdXBzL1N0cmVhbUFuYWx5dGljczQwMjUvcHJvdmlkZXJzL01pY3Jvc29mdC5TdHJlYW1BbmFseXRpY3Mvc3RyZWFtaW5nam9icy9NeVN0cmVhbWluZ0pvYlN1Ym1pdHRlZEJ5U0RLNTMxMi9vdXRwdXRzL291dHB1dHRlc3Q2NjQ5P2FwaS12ZXJzaW9uPTIwMTUtMDktMDE=",
      "RequestMethod": "GET",
      "RequestBody": "",
      "RequestHeaders": {
        "x-ms-client-request-id": [
          "8062a757-7862-4a87-9565-b5af06c912b4"
        ],
        "User-Agent": [
          "Microsoft.Azure.Management.StreamAnalytics.StreamAnalyticsManagementClient/1.0.0.0"
        ]
      },
      "ResponseBody": "{\r\n  \"id\": \"/subscriptions/61953354-5115-4340-bf80-f4ccd1cb213e/resourceGroups/StreamAnalytics4025/providers/Microsoft.StreamAnalytics/streamingjobs/MyStreamingJobSubmittedBySDK5312/outputs/outputtest6649\",\r\n  \"name\": \"outputtest6649\",\r\n  \"type\": \"Microsoft.StreamAnalytics/streamingjobs/outputs\",\r\n  \"properties\": {\r\n    \"datasource\": {\r\n      \"type\": \"Microsoft.Storage/DocumentDB\",\r\n      \"properties\": {\r\n        \"accountId\": \"ibizaloctest001docdb\",\r\n        \"accountKey\": null,\r\n        \"database\": \"db01\",\r\n        \"collectionNamePattern\": \"collection\",\r\n        \"partitionKey\": \"key\"\r\n      }\r\n    }\r\n  }\r\n}",
      "ResponseHeaders": {
        "Content-Length": [
          "494"
        ],
        "Content-Type": [
          "application/json; charset=utf-8"
        ],
        "Expires": [
          "-1"
        ],
        "Pragma": [
          "no-cache"
        ],
        "X-AspNetMvc-Version": [
          "5.0"
        ],
        "x-ms-request-id": [
          "8062a757-7862-4a87-9565-b5af06c912b4"
        ],
        "x-ms-ratelimit-remaining-subscription-reads": [
          "14891"
        ],
        "x-ms-correlation-request-id": [
          "b9dc7685-389b-43e3-9ff3-d10dfd809190"
        ],
        "x-ms-routing-request-id": [
          "CENTRALUS:20151007T014635Z:b9dc7685-389b-43e3-9ff3-d10dfd809190"
        ],
        "Strict-Transport-Security": [
          "max-age=31536000; includeSubDomains"
        ],
        "Cache-Control": [
          "no-store, no-cache"
        ],
        "Date": [
          "Wed, 07 Oct 2015 01:46:35 GMT"
        ],
        "ETag": [
          "4b8f522b-a6a1-44e4-959c-ccc0fa47289d"
        ],
        "Server": [
          "Microsoft-IIS/8.5"
        ],
        "X-Powered-By": [
          "ASP.NET"
        ]
      },
      "StatusCode": 200
    },
    {
      "RequestUri": "/subscriptions/61953354-5115-4340-bf80-f4ccd1cb213e/resourcegroups/StreamAnalytics4025/providers/Microsoft.StreamAnalytics/streamingjobs/MyStreamingJobSubmittedBySDK5312/outputs/outputtest6649/test?api-version=2015-09-01",
      "EncodedRequestUri": "L3N1YnNjcmlwdGlvbnMvNjE5NTMzNTQtNTExNS00MzQwLWJmODAtZjRjY2QxY2IyMTNlL3Jlc291cmNlZ3JvdXBzL1N0cmVhbUFuYWx5dGljczQwMjUvcHJvdmlkZXJzL01pY3Jvc29mdC5TdHJlYW1BbmFseXRpY3Mvc3RyZWFtaW5nam9icy9NeVN0cmVhbWluZ0pvYlN1Ym1pdHRlZEJ5U0RLNTMxMi9vdXRwdXRzL291dHB1dHRlc3Q2NjQ5L3Rlc3Q/YXBpLXZlcnNpb249MjAxNS0wOS0wMQ==",
      "RequestMethod": "POST",
      "RequestBody": "",
      "RequestHeaders": {
        "x-ms-client-request-id": [
          "c5873f87-1b8c-4826-9617-3a8c10b07d00"
        ],
        "User-Agent": [
          "Microsoft.Azure.Management.StreamAnalytics.StreamAnalyticsManagementClient/1.0.0.0"
        ]
      },
      "ResponseBody": "",
      "ResponseHeaders": {
        "Content-Length": [
          "0"
        ],
        "Content-Type": [
          "application/json"
        ],
        "Expires": [
          "-1"
        ],
        "Pragma": [
          "no-cache"
        ],
        "Retry-After": [
          "10"
        ],
        "X-AspNetMvc-Version": [
          "5.0"
        ],
        "x-ms-request-id": [
          "c5873f87-1b8c-4826-9617-3a8c10b07d00"
        ],
        "x-ms-ratelimit-remaining-subscription-writes": [
          "1161"
        ],
        "x-ms-correlation-request-id": [
          "07c097e5-2801-461e-a623-48091c8855c6"
        ],
        "x-ms-routing-request-id": [
          "CENTRALUS:20151007T014635Z:07c097e5-2801-461e-a623-48091c8855c6"
        ],
        "Strict-Transport-Security": [
          "max-age=31536000; includeSubDomains"
        ],
        "Cache-Control": [
          "no-store, no-cache"
        ],
        "Date": [
          "Wed, 07 Oct 2015 01:46:35 GMT"
        ],
        "Location": [
          "https://api-dogfood.resources.windows-int.net/subscriptions/61953354-5115-4340-bf80-f4ccd1cb213e/resourcegroups/StreamAnalytics4025/providers/Microsoft.StreamAnalytics/streamingjobs/MyStreamingJobSubmittedBySDK5312/outputs/outputtest6649/OperationResults/e984ff1f-a162-4955-a49e-d71e5c7632d7?api-version=2015-09-01"
        ],
        "Server": [
          "Microsoft-IIS/8.5"
        ],
        "X-Powered-By": [
          "ASP.NET"
        ]
      },
      "StatusCode": 202
    },
    {
      "RequestUri": "/subscriptions/61953354-5115-4340-bf80-f4ccd1cb213e/resourcegroups/StreamAnalytics4025/providers/Microsoft.StreamAnalytics/streamingjobs/MyStreamingJobSubmittedBySDK5312/outputs/outputtest6649/OperationResults/e984ff1f-a162-4955-a49e-d71e5c7632d7?api-version=2015-09-01",
      "EncodedRequestUri": "L3N1YnNjcmlwdGlvbnMvNjE5NTMzNTQtNTExNS00MzQwLWJmODAtZjRjY2QxY2IyMTNlL3Jlc291cmNlZ3JvdXBzL1N0cmVhbUFuYWx5dGljczQwMjUvcHJvdmlkZXJzL01pY3Jvc29mdC5TdHJlYW1BbmFseXRpY3Mvc3RyZWFtaW5nam9icy9NeVN0cmVhbWluZ0pvYlN1Ym1pdHRlZEJ5U0RLNTMxMi9vdXRwdXRzL291dHB1dHRlc3Q2NjQ5L09wZXJhdGlvblJlc3VsdHMvZTk4NGZmMWYtYTE2Mi00OTU1LWE0OWUtZDcxZTVjNzYzMmQ3P2FwaS12ZXJzaW9uPTIwMTUtMDktMDE=",
      "RequestMethod": "GET",
      "RequestBody": "",
      "RequestHeaders": {
        "x-ms-client-request-id": [
          "42d6fece-807f-4474-bd33-ef2751969d21"
        ],
        "x-ms-version": [
          "2015-09-01"
        ],
        "User-Agent": [
          "Microsoft.Azure.Management.StreamAnalytics.StreamAnalyticsManagementClient/1.0.0.0"
        ]
      },
      "ResponseBody": "",
      "ResponseHeaders": {
        "Content-Length": [
          "0"
        ],
        "Content-Type": [
          "application/json"
        ],
        "Expires": [
          "-1"
        ],
        "Pragma": [
          "no-cache"
        ],
        "Retry-After": [
          "10"
        ],
        "X-AspNetMvc-Version": [
          "5.0"
        ],
        "x-ms-request-id": [
          "42d6fece-807f-4474-bd33-ef2751969d21"
        ],
        "x-ms-ratelimit-remaining-subscription-reads": [
          "14890"
        ],
        "x-ms-correlation-request-id": [
          "09aceec9-8b7b-4b32-9972-1ac1d7769560"
        ],
        "x-ms-routing-request-id": [
          "CENTRALUS:20151007T014635Z:09aceec9-8b7b-4b32-9972-1ac1d7769560"
        ],
        "Strict-Transport-Security": [
          "max-age=31536000; includeSubDomains"
        ],
        "Cache-Control": [
          "no-store, no-cache"
        ],
        "Date": [
          "Wed, 07 Oct 2015 01:46:35 GMT"
        ],
        "Location": [
          "https://api-dogfood.resources.windows-int.net/subscriptions/61953354-5115-4340-bf80-f4ccd1cb213e/resourcegroups/StreamAnalytics4025/providers/Microsoft.StreamAnalytics/streamingjobs/MyStreamingJobSubmittedBySDK5312/outputs/outputtest6649/OperationResults/e984ff1f-a162-4955-a49e-d71e5c7632d7?api-version=2015-09-01"
        ],
        "Server": [
          "Microsoft-IIS/8.5"
        ],
        "X-Powered-By": [
          "ASP.NET"
        ]
      },
      "StatusCode": 202
    },
    {
      "RequestUri": "/subscriptions/61953354-5115-4340-bf80-f4ccd1cb213e/resourcegroups/StreamAnalytics4025/providers/Microsoft.StreamAnalytics/streamingjobs/MyStreamingJobSubmittedBySDK5312/outputs/outputtest6649/OperationResults/e984ff1f-a162-4955-a49e-d71e5c7632d7?api-version=2015-09-01",
      "EncodedRequestUri": "L3N1YnNjcmlwdGlvbnMvNjE5NTMzNTQtNTExNS00MzQwLWJmODAtZjRjY2QxY2IyMTNlL3Jlc291cmNlZ3JvdXBzL1N0cmVhbUFuYWx5dGljczQwMjUvcHJvdmlkZXJzL01pY3Jvc29mdC5TdHJlYW1BbmFseXRpY3Mvc3RyZWFtaW5nam9icy9NeVN0cmVhbWluZ0pvYlN1Ym1pdHRlZEJ5U0RLNTMxMi9vdXRwdXRzL291dHB1dHRlc3Q2NjQ5L09wZXJhdGlvblJlc3VsdHMvZTk4NGZmMWYtYTE2Mi00OTU1LWE0OWUtZDcxZTVjNzYzMmQ3P2FwaS12ZXJzaW9uPTIwMTUtMDktMDE=",
      "RequestMethod": "GET",
      "RequestBody": "",
      "RequestHeaders": {
        "x-ms-client-request-id": [
          "294eb435-e5f1-444a-a3f0-fcc118c8bdd7"
        ],
        "x-ms-version": [
          "2015-09-01"
        ],
        "User-Agent": [
          "Microsoft.Azure.Management.StreamAnalytics.StreamAnalyticsManagementClient/1.0.0.0"
        ]
      },
      "ResponseBody": "{\r\n  \"status\": \"TestSucceeded\",\r\n  \"error\": null\r\n}",
      "ResponseHeaders": {
        "Content-Length": [
          "39"
        ],
        "Content-Type": [
          "application/json; charset=utf-8"
        ],
        "Expires": [
          "-1"
        ],
        "Pragma": [
          "no-cache"
        ],
        "X-AspNetMvc-Version": [
          "5.0"
        ],
        "x-ms-request-id": [
          "294eb435-e5f1-444a-a3f0-fcc118c8bdd7"
        ],
        "x-ms-ratelimit-remaining-subscription-reads": [
          "14889"
        ],
        "x-ms-correlation-request-id": [
          "7ae1b42e-59ff-4f12-9327-efbe2a42491b"
        ],
        "x-ms-routing-request-id": [
          "CENTRALUS:20151007T014646Z:7ae1b42e-59ff-4f12-9327-efbe2a42491b"
        ],
        "Strict-Transport-Security": [
          "max-age=31536000; includeSubDomains"
        ],
        "Cache-Control": [
          "no-store, no-cache"
        ],
        "Date": [
          "Wed, 07 Oct 2015 01:46:46 GMT"
        ],
        "Server": [
          "Microsoft-IIS/8.5"
        ],
        "X-Powered-By": [
          "ASP.NET"
        ]
      },
      "StatusCode": 200
    },
    {
      "RequestUri": "/subscriptions/61953354-5115-4340-bf80-f4ccd1cb213e/resourcegroups/StreamAnalytics4025/providers/Microsoft.StreamAnalytics/streamingjobs/MyStreamingJobSubmittedBySDK5312/outputs/outputtest6649?api-version=2015-09-01",
      "EncodedRequestUri": "L3N1YnNjcmlwdGlvbnMvNjE5NTMzNTQtNTExNS00MzQwLWJmODAtZjRjY2QxY2IyMTNlL3Jlc291cmNlZ3JvdXBzL1N0cmVhbUFuYWx5dGljczQwMjUvcHJvdmlkZXJzL01pY3Jvc29mdC5TdHJlYW1BbmFseXRpY3Mvc3RyZWFtaW5nam9icy9NeVN0cmVhbWluZ0pvYlN1Ym1pdHRlZEJ5U0RLNTMxMi9vdXRwdXRzL291dHB1dHRlc3Q2NjQ5P2FwaS12ZXJzaW9uPTIwMTUtMDktMDE=",
      "RequestMethod": "PATCH",
      "RequestBody": "{\r\n  \"properties\": {\r\n    \"etag\": \"4b8f522b-a6a1-44e4-959c-ccc0fa47289d\",\r\n    \"datasource\": {\r\n      \"type\": \"Microsoft.Storage/DocumentDB\",\r\n      \"properties\": {\r\n        \"accountId\": \"ibizaloctest001docdb\",\r\n        \"accountKey\": \"zFcg/W6vxQY8oYdeA831NHPbezuvwFZ07zNgc0ta1hu+CunCoYDB69SXgOkDNl36JEPxiwi91dYLmMTrfXOVfA==\",\r\n        \"database\": \"NewDatabase32\",\r\n        \"collectionNamePattern\": \"collection\",\r\n        \"partitionKey\": \"key\"\r\n      }\r\n    }\r\n  }\r\n}",
      "RequestHeaders": {
        "Content-Type": [
          "application/json"
        ],
        "Content-Length": [
          "466"
        ],
        "x-ms-client-request-id": [
          "2c7aafcf-e001-4b21-acf0-8d15453847f7"
        ],
        "User-Agent": [
          "Microsoft.Azure.Management.StreamAnalytics.StreamAnalyticsManagementClient/1.0.0.0"
        ]
      },
      "ResponseBody": "{\r\n  \"id\": \"/subscriptions/61953354-5115-4340-bf80-f4ccd1cb213e/resourceGroups/StreamAnalytics4025/providers/Microsoft.StreamAnalytics/streamingjobs/MyStreamingJobSubmittedBySDK5312/outputs/outputtest6649\",\r\n  \"name\": \"outputtest6649\",\r\n  \"type\": \"Microsoft.StreamAnalytics/streamingjobs/outputs\",\r\n  \"properties\": {\r\n    \"datasource\": {\r\n      \"type\": \"Microsoft.Storage/DocumentDB\",\r\n      \"properties\": {\r\n        \"accountId\": \"ibizaloctest001docdb\",\r\n        \"accountKey\": null,\r\n        \"database\": \"NewDatabase32\",\r\n        \"collectionNamePattern\": \"collection\",\r\n        \"partitionKey\": \"key\"\r\n      }\r\n    }\r\n  }\r\n}",
      "ResponseHeaders": {
        "Content-Length": [
          "503"
        ],
        "Content-Type": [
          "application/json; charset=utf-8"
        ],
        "Expires": [
          "-1"
        ],
        "Pragma": [
          "no-cache"
        ],
        "X-AspNetMvc-Version": [
          "5.0"
        ],
        "x-ms-request-id": [
          "3b8ba386-3ebe-46eb-ae28-5dace003bb59"
        ],
        "x-ms-ratelimit-remaining-subscription-writes": [
          "1160"
        ],
        "x-ms-correlation-request-id": [
          "2922f85b-dfc7-4ccf-ad3b-1f8f8330dc53"
        ],
        "x-ms-routing-request-id": [
          "CENTRALUS:20151007T014646Z:2922f85b-dfc7-4ccf-ad3b-1f8f8330dc53"
        ],
        "Strict-Transport-Security": [
          "max-age=31536000; includeSubDomains"
        ],
        "Cache-Control": [
          "no-store, no-cache"
        ],
        "Date": [
          "Wed, 07 Oct 2015 01:46:46 GMT"
        ],
        "ETag": [
          "36123c5c-ffef-46f6-b2ab-d4c899307984"
        ],
        "Server": [
          "Microsoft-IIS/8.5"
        ],
        "X-Powered-By": [
          "ASP.NET"
        ]
      },
      "StatusCode": 200
    },
    {
      "RequestUri": "/subscriptions/61953354-5115-4340-bf80-f4ccd1cb213e/resourcegroups/StreamAnalytics4025/providers/Microsoft.StreamAnalytics/streamingjobs/MyStreamingJobSubmittedBySDK5312/outputs/outputtest6649?api-version=2015-09-01",
      "EncodedRequestUri": "L3N1YnNjcmlwdGlvbnMvNjE5NTMzNTQtNTExNS00MzQwLWJmODAtZjRjY2QxY2IyMTNlL3Jlc291cmNlZ3JvdXBzL1N0cmVhbUFuYWx5dGljczQwMjUvcHJvdmlkZXJzL01pY3Jvc29mdC5TdHJlYW1BbmFseXRpY3Mvc3RyZWFtaW5nam9icy9NeVN0cmVhbWluZ0pvYlN1Ym1pdHRlZEJ5U0RLNTMxMi9vdXRwdXRzL291dHB1dHRlc3Q2NjQ5P2FwaS12ZXJzaW9uPTIwMTUtMDktMDE=",
      "RequestMethod": "DELETE",
      "RequestBody": "",
      "RequestHeaders": {
        "x-ms-client-request-id": [
          "f19c947f-cd1a-4571-94c3-f972b122fb15"
        ],
        "User-Agent": [
          "Microsoft.Azure.Management.StreamAnalytics.StreamAnalyticsManagementClient/1.0.0.0"
        ]
      },
      "ResponseBody": "",
      "ResponseHeaders": {
        "Content-Length": [
          "0"
        ],
        "Content-Type": [
          "application/json"
        ],
        "Expires": [
          "-1"
        ],
        "Pragma": [
          "no-cache"
        ],
        "X-AspNetMvc-Version": [
          "5.0"
        ],
        "x-ms-request-id": [
          "f19c947f-cd1a-4571-94c3-f972b122fb15"
        ],
        "x-ms-ratelimit-remaining-subscription-writes": [
          "1159"
        ],
        "x-ms-correlation-request-id": [
          "fc4f4a01-d634-4027-8639-8d030f1eaa54"
        ],
        "x-ms-routing-request-id": [
          "CENTRALUS:20151007T014646Z:fc4f4a01-d634-4027-8639-8d030f1eaa54"
        ],
        "Strict-Transport-Security": [
          "max-age=31536000; includeSubDomains"
        ],
        "Cache-Control": [
          "no-store, no-cache"
        ],
        "Date": [
          "Wed, 07 Oct 2015 01:46:46 GMT"
        ],
        "Server": [
          "Microsoft-IIS/8.5"
        ],
        "X-Powered-By": [
          "ASP.NET"
        ]
      },
      "StatusCode": 200
    },
    {
      "RequestUri": "/subscriptions/61953354-5115-4340-bf80-f4ccd1cb213e/resourcegroups/StreamAnalytics4025/providers/Microsoft.StreamAnalytics/streamingjobs/MyStreamingJobSubmittedBySDK5312?$expand=outputs&api-version=2015-09-01",
      "EncodedRequestUri": "L3N1YnNjcmlwdGlvbnMvNjE5NTMzNTQtNTExNS00MzQwLWJmODAtZjRjY2QxY2IyMTNlL3Jlc291cmNlZ3JvdXBzL1N0cmVhbUFuYWx5dGljczQwMjUvcHJvdmlkZXJzL01pY3Jvc29mdC5TdHJlYW1BbmFseXRpY3Mvc3RyZWFtaW5nam9icy9NeVN0cmVhbWluZ0pvYlN1Ym1pdHRlZEJ5U0RLNTMxMj8kZXhwYW5kPW91dHB1dHMmYXBpLXZlcnNpb249MjAxNS0wOS0wMQ==",
      "RequestMethod": "GET",
      "RequestBody": "",
      "RequestHeaders": {
        "x-ms-client-request-id": [
          "287d344c-503d-49a6-8e6d-3ae3e6eea1bb"
        ],
        "User-Agent": [
          "Microsoft.Azure.Management.StreamAnalytics.StreamAnalyticsManagementClient/1.0.0.0"
        ]
      },
      "ResponseBody": "{\r\n  \"id\": \"/subscriptions/61953354-5115-4340-bf80-f4ccd1cb213e/resourceGroups/StreamAnalytics4025/providers/Microsoft.StreamAnalytics/streamingjobs/MyStreamingJobSubmittedBySDK5312\",\r\n  \"name\": \"MyStreamingJobSubmittedBySDK5312\",\r\n  \"type\": \"Microsoft.StreamAnalytics/streamingjobs\",\r\n  \"location\": \"West US\",\r\n  \"properties\": {\r\n    \"sku\": {\r\n      \"name\": \"Standard\"\r\n    },\r\n    \"jobId\": \"4a7ca962-e92d-4ecd-bd35-627c5554b111\",\r\n    \"provisioningState\": \"Succeeded\",\r\n    \"jobState\": \"Created\",\r\n    \"eventsOutOfOrderPolicy\": \"Drop\",\r\n    \"eventsOutOfOrderMaxDelayInSeconds\": 0,\r\n    \"eventsLateArrivalMaxDelayInSeconds\": 5,\r\n    \"dataLocale\": \"en-US\",\r\n    \"createdDate\": \"2015-10-07T01:46:33.77Z\",\r\n    \"outputs\": []\r\n  }\r\n}",
      "ResponseHeaders": {
        "Content-Length": [
          "614"
        ],
        "Content-Type": [
          "application/json; charset=utf-8"
        ],
        "Expires": [
          "-1"
        ],
        "Pragma": [
          "no-cache"
        ],
        "X-AspNetMvc-Version": [
          "5.0"
        ],
        "x-ms-request-id": [
          "287d344c-503d-49a6-8e6d-3ae3e6eea1bb"
        ],
        "x-ms-ratelimit-remaining-subscription-reads": [
          "14888"
        ],
        "x-ms-correlation-request-id": [
          "6ebf1645-99e4-451a-8954-ff89cd90ff54"
        ],
        "x-ms-routing-request-id": [
          "CENTRALUS:20151007T014646Z:6ebf1645-99e4-451a-8954-ff89cd90ff54"
        ],
        "Strict-Transport-Security": [
          "max-age=31536000; includeSubDomains"
        ],
        "Cache-Control": [
          "no-store, no-cache"
        ],
        "Date": [
          "Wed, 07 Oct 2015 01:46:46 GMT"
        ],
        "ETag": [
          "b881931b-3beb-4001-a6e5-ffb4d9a10b9b"
        ],
        "Server": [
          "Microsoft-IIS/8.5"
        ],
        "X-Powered-By": [
          "ASP.NET"
        ]
      },
      "StatusCode": 200
    },
    {
      "RequestUri": "/subscriptions/61953354-5115-4340-bf80-f4ccd1cb213e/resourcegroups/StreamAnalytics4025/providers/Microsoft.StreamAnalytics/streamingjobs/MyStreamingJobSubmittedBySDK5312?api-version=2015-09-01",
      "EncodedRequestUri": "L3N1YnNjcmlwdGlvbnMvNjE5NTMzNTQtNTExNS00MzQwLWJmODAtZjRjY2QxY2IyMTNlL3Jlc291cmNlZ3JvdXBzL1N0cmVhbUFuYWx5dGljczQwMjUvcHJvdmlkZXJzL01pY3Jvc29mdC5TdHJlYW1BbmFseXRpY3Mvc3RyZWFtaW5nam9icy9NeVN0cmVhbWluZ0pvYlN1Ym1pdHRlZEJ5U0RLNTMxMj9hcGktdmVyc2lvbj0yMDE1LTA5LTAx",
      "RequestMethod": "DELETE",
      "RequestBody": "",
      "RequestHeaders": {
        "x-ms-client-request-id": [
          "cd3065e0-628b-4691-8ee7-70c0d45d5a6b"
        ],
        "User-Agent": [
          "Microsoft.Azure.Management.StreamAnalytics.StreamAnalyticsManagementClient/1.0.0.0"
        ]
      },
      "ResponseBody": "",
      "ResponseHeaders": {
        "Content-Length": [
          "0"
        ],
        "Content-Type": [
          "application/json"
        ],
        "Expires": [
          "-1"
        ],
        "Pragma": [
          "no-cache"
        ],
        "X-AspNetMvc-Version": [
          "5.0"
        ],
        "x-ms-request-id": [
          "cd3065e0-628b-4691-8ee7-70c0d45d5a6b"
        ],
        "x-ms-ratelimit-remaining-subscription-writes": [
          "1158"
        ],
        "x-ms-correlation-request-id": [
          "e4cf1e84-8ebe-4273-92ac-a6e3948369d3"
        ],
        "x-ms-routing-request-id": [
          "CENTRALUS:20151007T014647Z:e4cf1e84-8ebe-4273-92ac-a6e3948369d3"
        ],
        "Strict-Transport-Security": [
          "max-age=31536000; includeSubDomains"
        ],
        "Cache-Control": [
          "no-store, no-cache"
        ],
        "Date": [
          "Wed, 07 Oct 2015 01:46:47 GMT"
        ],
        "Server": [
          "Microsoft-IIS/8.5"
        ],
        "X-Powered-By": [
          "ASP.NET"
        ]
      },
      "StatusCode": 200
    },
    {
      "RequestUri": "/subscriptions/61953354-5115-4340-bf80-f4ccd1cb213e/resourcegroups/StreamAnalytics4025?api-version=2014-04-01-preview",
      "EncodedRequestUri": "L3N1YnNjcmlwdGlvbnMvNjE5NTMzNTQtNTExNS00MzQwLWJmODAtZjRjY2QxY2IyMTNlL3Jlc291cmNlZ3JvdXBzL1N0cmVhbUFuYWx5dGljczQwMjU/YXBpLXZlcnNpb249MjAxNC0wNC0wMS1wcmV2aWV3",
      "RequestMethod": "DELETE",
      "RequestBody": "",
      "RequestHeaders": {
        "User-Agent": [
          "Microsoft.Azure.Management.Resources.ResourceManagementClient/2.0.0.0"
        ]
      },
      "ResponseBody": "",
      "ResponseHeaders": {
        "Content-Length": [
          "0"
        ],
        "Expires": [
          "-1"
        ],
        "Pragma": [
          "no-cache"
        ],
        "Retry-After": [
          "15"
        ],
        "x-ms-ratelimit-remaining-subscription-writes": [
          "1157"
        ],
        "x-ms-request-id": [
          "2b203abb-6178-4b93-a9d3-21490ec09552"
        ],
        "x-ms-correlation-request-id": [
          "2b203abb-6178-4b93-a9d3-21490ec09552"
        ],
        "x-ms-routing-request-id": [
          "CENTRALUS:20151007T014647Z:2b203abb-6178-4b93-a9d3-21490ec09552"
        ],
        "Strict-Transport-Security": [
          "max-age=31536000; includeSubDomains"
        ],
        "Cache-Control": [
          "no-cache"
        ],
        "Date": [
          "Wed, 07 Oct 2015 01:46:47 GMT"
        ],
        "Location": [
          "https://api-dogfood.resources.windows-int.net/subscriptions/61953354-5115-4340-bf80-f4ccd1cb213e/operationresults/eyJqb2JJZCI6IlJFU09VUkNFR1JPVVBERUxFVElPTkpPQi1TVFJFQU1BTkFMWVRJQ1M0MDI1LVdFU1RVUyIsImpvYkxvY2F0aW9uIjoid2VzdHVzIn0?api-version=2014-04-01-preview"
        ]
      },
      "StatusCode": 202
    },
    {
      "RequestUri": "/subscriptions/61953354-5115-4340-bf80-f4ccd1cb213e/operationresults/eyJqb2JJZCI6IlJFU09VUkNFR1JPVVBERUxFVElPTkpPQi1TVFJFQU1BTkFMWVRJQ1M0MDI1LVdFU1RVUyIsImpvYkxvY2F0aW9uIjoid2VzdHVzIn0?api-version=2014-04-01-preview",
      "EncodedRequestUri": "L3N1YnNjcmlwdGlvbnMvNjE5NTMzNTQtNTExNS00MzQwLWJmODAtZjRjY2QxY2IyMTNlL29wZXJhdGlvbnJlc3VsdHMvZXlKcWIySkpaQ0k2SWxKRlUwOVZVa05GUjFKUFZWQkVSVXhGVkVsUFRrcFBRaTFUVkZKRlFVMUJUa0ZNV1ZSSlExTTBNREkxTFZkRlUxUlZVeUlzSW1wdllreHZZMkYwYVc5dUlqb2lkMlZ6ZEhWekluMD9hcGktdmVyc2lvbj0yMDE0LTA0LTAxLXByZXZpZXc=",
      "RequestMethod": "GET",
      "RequestBody": "",
      "RequestHeaders": {
        "x-ms-version": [
          "2014-04-01-preview"
        ],
        "User-Agent": [
          "Microsoft.Azure.Management.Resources.ResourceManagementClient/2.0.0.0"
        ]
      },
      "ResponseBody": "",
      "ResponseHeaders": {
        "Content-Length": [
          "0"
        ],
        "Expires": [
          "-1"
        ],
        "Pragma": [
          "no-cache"
        ],
        "Retry-After": [
          "15"
        ],
        "x-ms-ratelimit-remaining-subscription-reads": [
          "14887"
        ],
        "x-ms-request-id": [
          "c7102c7e-802c-45f2-b554-7883c62ddea6"
        ],
        "x-ms-correlation-request-id": [
          "c7102c7e-802c-45f2-b554-7883c62ddea6"
        ],
        "x-ms-routing-request-id": [
          "CENTRALUS:20151007T014647Z:c7102c7e-802c-45f2-b554-7883c62ddea6"
        ],
        "Strict-Transport-Security": [
          "max-age=31536000; includeSubDomains"
        ],
        "Cache-Control": [
          "no-cache"
        ],
        "Date": [
          "Wed, 07 Oct 2015 01:46:47 GMT"
        ],
        "Location": [
          "https://api-dogfood.resources.windows-int.net/subscriptions/61953354-5115-4340-bf80-f4ccd1cb213e/operationresults/eyJqb2JJZCI6IlJFU09VUkNFR1JPVVBERUxFVElPTkpPQi1TVFJFQU1BTkFMWVRJQ1M0MDI1LVdFU1RVUyIsImpvYkxvY2F0aW9uIjoid2VzdHVzIn0?api-version=2014-04-01-preview"
        ]
      },
      "StatusCode": 202
    },
    {
      "RequestUri": "/subscriptions/61953354-5115-4340-bf80-f4ccd1cb213e/operationresults/eyJqb2JJZCI6IlJFU09VUkNFR1JPVVBERUxFVElPTkpPQi1TVFJFQU1BTkFMWVRJQ1M0MDI1LVdFU1RVUyIsImpvYkxvY2F0aW9uIjoid2VzdHVzIn0?api-version=2014-04-01-preview",
      "EncodedRequestUri": "L3N1YnNjcmlwdGlvbnMvNjE5NTMzNTQtNTExNS00MzQwLWJmODAtZjRjY2QxY2IyMTNlL29wZXJhdGlvbnJlc3VsdHMvZXlKcWIySkpaQ0k2SWxKRlUwOVZVa05GUjFKUFZWQkVSVXhGVkVsUFRrcFBRaTFUVkZKRlFVMUJUa0ZNV1ZSSlExTTBNREkxTFZkRlUxUlZVeUlzSW1wdllreHZZMkYwYVc5dUlqb2lkMlZ6ZEhWekluMD9hcGktdmVyc2lvbj0yMDE0LTA0LTAxLXByZXZpZXc=",
      "RequestMethod": "GET",
      "RequestBody": "",
      "RequestHeaders": {
        "x-ms-version": [
          "2014-04-01-preview"
        ],
        "User-Agent": [
          "Microsoft.Azure.Management.Resources.ResourceManagementClient/2.0.0.0"
        ]
      },
      "ResponseBody": "",
      "ResponseHeaders": {
        "Content-Length": [
          "0"
        ],
        "Expires": [
          "-1"
        ],
        "Pragma": [
          "no-cache"
        ],
        "Retry-After": [
          "15"
        ],
        "x-ms-ratelimit-remaining-subscription-reads": [
          "14886"
        ],
        "x-ms-request-id": [
          "b468a56f-4079-493c-bfbd-8da5b5131e26"
        ],
        "x-ms-correlation-request-id": [
          "b468a56f-4079-493c-bfbd-8da5b5131e26"
        ],
        "x-ms-routing-request-id": [
          "CENTRALUS:20151007T014702Z:b468a56f-4079-493c-bfbd-8da5b5131e26"
        ],
        "Strict-Transport-Security": [
          "max-age=31536000; includeSubDomains"
        ],
        "Cache-Control": [
          "no-cache"
        ],
        "Date": [
          "Wed, 07 Oct 2015 01:47:01 GMT"
        ],
        "Location": [
          "https://api-dogfood.resources.windows-int.net/subscriptions/61953354-5115-4340-bf80-f4ccd1cb213e/operationresults/eyJqb2JJZCI6IlJFU09VUkNFR1JPVVBERUxFVElPTkpPQi1TVFJFQU1BTkFMWVRJQ1M0MDI1LVdFU1RVUyIsImpvYkxvY2F0aW9uIjoid2VzdHVzIn0?api-version=2014-04-01-preview"
        ]
      },
      "StatusCode": 202
    },
    {
      "RequestUri": "/subscriptions/61953354-5115-4340-bf80-f4ccd1cb213e/operationresults/eyJqb2JJZCI6IlJFU09VUkNFR1JPVVBERUxFVElPTkpPQi1TVFJFQU1BTkFMWVRJQ1M0MDI1LVdFU1RVUyIsImpvYkxvY2F0aW9uIjoid2VzdHVzIn0?api-version=2014-04-01-preview",
      "EncodedRequestUri": "L3N1YnNjcmlwdGlvbnMvNjE5NTMzNTQtNTExNS00MzQwLWJmODAtZjRjY2QxY2IyMTNlL29wZXJhdGlvbnJlc3VsdHMvZXlKcWIySkpaQ0k2SWxKRlUwOVZVa05GUjFKUFZWQkVSVXhGVkVsUFRrcFBRaTFUVkZKRlFVMUJUa0ZNV1ZSSlExTTBNREkxTFZkRlUxUlZVeUlzSW1wdllreHZZMkYwYVc5dUlqb2lkMlZ6ZEhWekluMD9hcGktdmVyc2lvbj0yMDE0LTA0LTAxLXByZXZpZXc=",
      "RequestMethod": "GET",
      "RequestBody": "",
      "RequestHeaders": {
        "x-ms-version": [
          "2014-04-01-preview"
        ],
        "User-Agent": [
          "Microsoft.Azure.Management.Resources.ResourceManagementClient/2.0.0.0"
        ]
      },
      "ResponseBody": "",
      "ResponseHeaders": {
        "Content-Length": [
          "0"
        ],
        "Expires": [
          "-1"
        ],
        "Pragma": [
          "no-cache"
        ],
        "Retry-After": [
          "15"
        ],
        "x-ms-ratelimit-remaining-subscription-reads": [
          "14885"
        ],
        "x-ms-request-id": [
          "41f4780a-27b1-4d27-83dc-4040060f5bb2"
        ],
        "x-ms-correlation-request-id": [
          "41f4780a-27b1-4d27-83dc-4040060f5bb2"
        ],
        "x-ms-routing-request-id": [
          "CENTRALUS:20151007T014717Z:41f4780a-27b1-4d27-83dc-4040060f5bb2"
        ],
        "Strict-Transport-Security": [
          "max-age=31536000; includeSubDomains"
        ],
        "Cache-Control": [
          "no-cache"
        ],
        "Date": [
          "Wed, 07 Oct 2015 01:47:16 GMT"
        ],
        "Location": [
          "https://api-dogfood.resources.windows-int.net/subscriptions/61953354-5115-4340-bf80-f4ccd1cb213e/operationresults/eyJqb2JJZCI6IlJFU09VUkNFR1JPVVBERUxFVElPTkpPQi1TVFJFQU1BTkFMWVRJQ1M0MDI1LVdFU1RVUyIsImpvYkxvY2F0aW9uIjoid2VzdHVzIn0?api-version=2014-04-01-preview"
        ]
      },
      "StatusCode": 202
    },
    {
      "RequestUri": "/subscriptions/61953354-5115-4340-bf80-f4ccd1cb213e/operationresults/eyJqb2JJZCI6IlJFU09VUkNFR1JPVVBERUxFVElPTkpPQi1TVFJFQU1BTkFMWVRJQ1M0MDI1LVdFU1RVUyIsImpvYkxvY2F0aW9uIjoid2VzdHVzIn0?api-version=2014-04-01-preview",
      "EncodedRequestUri": "L3N1YnNjcmlwdGlvbnMvNjE5NTMzNTQtNTExNS00MzQwLWJmODAtZjRjY2QxY2IyMTNlL29wZXJhdGlvbnJlc3VsdHMvZXlKcWIySkpaQ0k2SWxKRlUwOVZVa05GUjFKUFZWQkVSVXhGVkVsUFRrcFBRaTFUVkZKRlFVMUJUa0ZNV1ZSSlExTTBNREkxTFZkRlUxUlZVeUlzSW1wdllreHZZMkYwYVc5dUlqb2lkMlZ6ZEhWekluMD9hcGktdmVyc2lvbj0yMDE0LTA0LTAxLXByZXZpZXc=",
      "RequestMethod": "GET",
      "RequestBody": "",
      "RequestHeaders": {
        "x-ms-version": [
          "2014-04-01-preview"
        ],
        "User-Agent": [
          "Microsoft.Azure.Management.Resources.ResourceManagementClient/2.0.0.0"
        ]
      },
      "ResponseBody": "",
      "ResponseHeaders": {
        "Content-Length": [
          "0"
        ],
        "Expires": [
          "-1"
        ],
        "Pragma": [
          "no-cache"
        ],
        "x-ms-ratelimit-remaining-subscription-reads": [
          "14884"
        ],
        "x-ms-request-id": [
          "28dfaf3a-2122-4483-a456-9f14f5fc113b"
        ],
        "x-ms-correlation-request-id": [
          "28dfaf3a-2122-4483-a456-9f14f5fc113b"
        ],
        "x-ms-routing-request-id": [
          "CENTRALUS:20151007T014732Z:28dfaf3a-2122-4483-a456-9f14f5fc113b"
        ],
        "Strict-Transport-Security": [
          "max-age=31536000; includeSubDomains"
        ],
        "Cache-Control": [
          "no-cache"
        ],
        "Date": [
          "Wed, 07 Oct 2015 01:47:32 GMT"
        ]
      },
      "StatusCode": 200
    }
  ],
  "Names": {
    "Test_OutputOperations_DocumentDB": [
      "StreamAnalytics4025",
      "MyStreamingJobSubmittedBySDK5312",
      "outputtest6649",
      "NewDatabase32"
    ]
  },
  "Variables": {
    "SubscriptionId": "61953354-5115-4340-bf80-f4ccd1cb213e"
  }
}